>>> diana = Diana('otp.txt')

>>> diana.index('UKVTF WZHOK')
40
>>> diana.index('CMMXT VYTJI RRQGU')
80
>>> diana.index('ABCDE FGHIJ')
Traceback (most recent call last):
AssertionError: invalid prefix
>>> diana.trigraph('Q', 'K')
'Z'
>>> diana.trigraph('t', 'f')
'B'

>>> diana.encode('UKVTF WZHOK attack at dawn')
'TSPDZTVNRIBY'
>>> diana.encode('CMMXT VYTJI RRQGU meet at ten tonight', 15)
'SVYRNYRNPMVSULDU'
>>> diana.encode('ABCDE FGHIJ zero dark thirty')
Traceback (most recent call last):
AssertionError: invalid prefix
>>> diana.encode('VAXPM IPIXU zero dark thirty')
Traceback (most recent call last):
AssertionError: one-time pad is too short

>>> diana.decode('UKVTF WZHOK TSPDZ TVNRI BY')
'ATTACKATDAWN'
>>> diana.decode('CMMXT VYTJI RRQGU SVYRN YRNPM VSULD U', 15)
'MEETATTENTONIGHT'
>>> diana.decode('ABCDE FGHIJ zero dark thirty')
Traceback (most recent call last):
AssertionError: invalid prefix
>>> diana.decode('VAXPM IPIXU zero dark thirty')
Traceback (most recent call last):
AssertionError: one-time pad is too short